PASS tests/services/subscription/subscriptionCancellationService.concurrency.test.js
  ● Console

    console.log
      {"level":"info","message":"MongoDB transactions are NOT supported by the current connection.","timestamp":"2026-07-06T17:29:08.556Z"}

      at Console.log (node_modules/winston/lib/winston/transports/console.js:87:23)

PASS tests/controllers/adminController.concurrency.test.js
  ● Console

    console.log
      {"level":"info","message":"MongoDB transactions are NOT supported by the current connection.","timestamp":"2026-07-06T17:29:09.001Z"}

      at Console.log (node_modules/winston/lib/winston/transports/console.js:87:23)

PASS tests/services/dashboard/opsTransitionService.addonRollback.test.js
  ● Console

    console.log
      {"level":"info","message":"MongoDB transactions are NOT supported by the current connection.","timestamp":"2026-07-06T17:29:08.792Z"}

      at Console.log (node_modules/winston/lib/winston/transports/console.js:87:23)


Test Suites: 3 passed, 3 total
Tests:       8 passed, 8 total
Snapshots:   0 total
Time:        2.374 s
Ran all test suites matching tests/services/dashboard/opsTransitionService.addonRollback.test.js|tests/services/subscription/subscriptionCancellationService.concurrency.test.js|tests/controllers/adminController.concurrency.test.js.
